PS C:\Users\渡邉瑞希\git_challenge> git init
Initialized empty Git repository in C:/Users/渡邉瑞希/git_challenge/.git/
echo "Hello,world!" > hello_world.txt
PS C:\Users\渡邉瑞希\git_challenge> git add hello_world.txt

PS C:\Users\渡邉瑞希\git_challenge> git commit -m "hello_world.txtを追加"
[main (root-commit) f560fc4] hello_world.txtを追加
 1 file changed, 1 insertion(+)
 create mode 100644 hello_world.txt
echo "こんにちは、世界！" >> hello_world.txt
PS C:\Users\渡邉瑞希\git_challenge> git add hello_world.txt
                                                          P
PS C:\Users\渡邉瑞希\git_challenge> git commit -m "日本語訳を追記"
[main 52047d0] 日本語訳を追記
 1 file changed, 2 insertions(+), 1 deletion(-)
PS C:\Users\渡邉瑞希\git_challenge> git log --oneline
52047d0 (HEAD -> main) 日本語訳を追記
f560fc4 hello_world.txtを追加
PS C:\Users\渡邉瑞希\git_challenge> 